{
    "user_name" : "junstory",
    "password" : "test"
}